// Jest Snapshot v1, https://goo.gl/fbAQLP

exports[`Component: Room should render 1`] = `
<React.Fragment>
  <h1>
    Room 
    B
  </h1>
  <RoomsLink />
  <Route
    render={[Function]}
  />
</React.Fragment>
`;
