// Jest Snapshot v1, https://goo.gl/fbAQLP

exports[`Container: Story Estimate should render Estimate correctly 1`] = `
<Page
  onBack={[MockFunction]}
  title="mockConstructor"
>
  <HostButton
    onHostClick={[MockFunction]}
  />
  <StoryDescription />
  <div
    className="uk-align-center uk-width-1-1@m"
  >
    <button
      className="uk-button uk-margin-small-top uk-width-1-1 uk-inline pp-button selected"
      onClick={[Function]}
    >
      1
      <span
        className="uk-position-center-right uk-background-muted uk-text-emphasis uk-label uk-margin-small-right"
        hidden={false}
      >
        Selected
      </span>
    </button>
    <button
      className="uk-button uk-margin-small-top uk-width-1-1 uk-inline pp-button "
      onClick={[Function]}
    >
      2
      <span
        className="uk-position-center-right uk-background-muted uk-text-emphasis uk-label uk-margin-small-right"
        hidden={true}
      >
        Selected
      </span>
    </button>
    <button
      className="uk-button uk-margin-small-top uk-width-1-1 uk-inline pp-button "
      onClick={[Function]}
    >
      3
      <span
        className="uk-position-center-right uk-background-muted uk-text-emphasis uk-label uk-margin-small-right"
        hidden={true}
      >
        Selected
      </span>
    </button>
    <button
      className="uk-button uk-margin-small-top uk-width-1-1 uk-inline pp-button "
      onClick={[Function]}
    >
      5
      <span
        className="uk-position-center-right uk-background-muted uk-text-emphasis uk-label uk-margin-small-right"
        hidden={true}
      >
        Selected
      </span>
    </button>
    <button
      className="uk-button uk-margin-small-top uk-width-1-1 uk-inline pp-button "
      onClick={[Function]}
    >
      8
      <span
        className="uk-position-center-right uk-background-muted uk-text-emphasis uk-label uk-margin-small-right"
        hidden={true}
      >
        Selected
      </span>
    </button>
    <button
      className="uk-button uk-margin-small-top uk-width-1-1 uk-inline pp-button "
      onClick={[Function]}
    >
      13
      <span
        className="uk-position-center-right uk-background-muted uk-text-emphasis uk-label uk-margin-small-right"
        hidden={true}
      >
        Selected
      </span>
    </button>
  </div>
</Page>
`;
