// Jest Snapshot v1, https://goo.gl/fbAQLP

exports[`Ticket renders correctly 1`] = `
<div
  className="uk-flex uk-flex-center"
>
  <div
    className="uk-card uk-card-default uk-card-body uk-width-1-2@m"
  >
    <h3
      className="uk-heading-medium uk-text-center"
    >
      Add a Ticket
    </h3>
    <a
      href="#/host/"
    >
      <span
        className="uk-position-small uk-position-top-left"
        uk-icon="icon: arrow-left; ratio: 3"
      />
    </a>
    <input
      className="uk-input uk-margin uk-width-1-2@m uk-align-center"
      onChange={[Function]}
      placeholder="Ticket #"
    />
    <a
      className="uk-width-1-2@m uk-align-center"
      href="#/host/"
    >
      <button
        className="uk-button uk-button-primary uk-width-1-1@m"
        disabled={true}
      >
        CREATE
      </button>
    </a>
  </div>
</div>
`;
