// Jest Snapshot v1, https://goo.gl/fbAQLP

exports[`Container: Estimate should render Estimate correctly 1`] = `
<div
  className="default-background"
>
  <div
    className="uk-container uk-text-center@m"
  >
    <h1
      className="uk-heading-divider uk-margin-top"
    >
      Estimate
    </h1>
    <div
      className="uk-align-center uk-width-1-2@m"
    >
      <span
        className="uk-position-large uk-position-top-left"
        data-uk-icon="icon: arrow-left; ratio: 3"
        onClick={[MockFunction]}
      />
      <button
        className="uk-button uk-button-primary uk-button-small uk-position-small uk-position-top-right"
        onClick={[MockFunction]}
      >
        Host
      </button>
      <dl
        className="uk-description-list"
      >
        <dt>
          # MBNA-10567: 
        </dt>
        <dd>
          Add tooltip to my accounts page
        </dd>
      </dl>
      <div
        className="uk-align-center uk-width-1-1@m"
      >
        <button
          className="uk-button uk-margin-small-top uk-width-1-1 uk-inline default-button estimate-button"
          onClick={[Function]}
        >
          1
          <span
            className="uk-position-center-right uk-background-muted uk-text-emphasis uk-label uk-margin-small-right"
            hidden={true}
          >
            Selected
          </span>
        </button>
        <button
          className="uk-button uk-margin-small-top uk-width-1-1 uk-inline default-button estimate-button"
          onClick={[Function]}
        >
          2
          <span
            className="uk-position-center-right uk-background-muted uk-text-emphasis uk-label uk-margin-small-right"
            hidden={true}
          >
            Selected
          </span>
        </button>
        <button
          className="uk-button uk-margin-small-top uk-width-1-1 uk-inline default-button estimate-button"
          onClick={[Function]}
        >
          3
          <span
            className="uk-position-center-right uk-background-muted uk-text-emphasis uk-label uk-margin-small-right"
            hidden={true}
          >
            Selected
          </span>
        </button>
        <button
          className="uk-button uk-margin-small-top uk-width-1-1 uk-inline default-button estimate-button"
          onClick={[Function]}
        >
          5
          <span
            className="uk-position-center-right uk-background-muted uk-text-emphasis uk-label uk-margin-small-right"
            hidden={true}
          >
            Selected
          </span>
        </button>
      </div>
    </div>
  </div>
</div>
`;
