// Jest Snapshot v1, https://goo.gl/fbAQLP

exports[`Container: User should render CreateUser correctly 1`] = `
<div
  className="uk-container uk-flex uk-flex-middle uk-height-viewport login"
>
  <div
    className="uk-animation-slide-left-medium uk-text-center"
  >
    <h2>
      Welcome to planning poker
    </h2>
  </div>
  <div
    className="uk-animation-scale-up uk-width-1-2@s uk-width-3-4@m"
  >
    <img
      alt="login"
      src="learning_small.jpg"
    />
  </div>
  <div>
    <form
      onSubmit={[Function]}
    >
      <div
        className="uk-margin"
      >
        <div
          className="uk-animation-slide-top uk-inline uk-width-1-1 uk-margin-small-top"
        >
          <span
            className="uk-form-icon"
            data-uk-icon="icon: user"
          />
          <input
            className="uk-input"
            name="userInputName"
            placeholder="Name"
            type="text"
          />
        </div>
        <input
          className="uk-animation-slide-bottom uk-button uk-button-primary uk-width-1-1 uk-margin-small-top"
          type="submit"
          value="LOGIN / CREATE"
        />
      </div>
    </form>
  </div>
</div>
`;
