// Jest Snapshot v1, https://goo.gl/fbAQLP

exports[`AddStory renders correctly 1`] = `
<div
  className="uk-align-center uk-width-1-1@m"
>
  <form
    onSubmit={[MockFunction]}
  >
    <div
      className="uk-margin"
    >
      <div
        className="uk-inline uk-width-1-2"
      >
        <span
          className="uk-form-icon"
          uk-icon="icon: link"
        />
        <input
          className="uk-input"
          name="storyInputName"
          placeholder="Name"
          type="text"
        />
      </div>
      <button
        className="uk-button uk-button-primary uk-width-1-4"
      >
        ADD
      </button>
    </div>
  </form>
</div>
`;
